---
http_interactions:
- request:
    method: put
    uri: https://<REDACTED_BUCKET_NAME>.s3.<REDACTED_REGION_NAME>.amazonaws.com/gemstash/s3_storage/TEST_S3_SPEC_FOLDER/private/gems/50-c0c7c76d30bd3dcaefc96f40275bdc0a/content
    body:
      encoding: UTF-8
      string: zapatito
    headers:
      Content-Type:
      - ''
      Accept-Encoding:
      - ''
      User-Agent:
      - aws-sdk-ruby3/3.104.3 ruby/2.6.3 x86_64-darwin19 aws-sdk-s3/1.75.0
      Content-Encoding:
      - ASCII
      Expect:
      - 100-continue
      Content-Md5:
      - hh/h8/TWHbd+09sX/zdcbg==
      Host:
      - "<REDACTED_BUCKET_NAME>.s3.<REDACTED_REGION_NAME>.amazonaws.com"
      X-Amz-Date:
      - 20200813T135220Z
      X-Amz-Content-Sha256:
      - f14497d773bff71d485b9f96b7ce9c8a94cb35ed96e37908b75ac4824bef1c11
      Authorization:
      - AWS4-HMAC-SHA256 Credential=<REDACTED_ACCESS_KEY>/20200813/<REDACTED_REGION_NAME>/s3/aws4_request,
        SignedHeaders=content-encoding;content-md5;host;user-agent;x-amz-content-sha256;x-amz-date,
        Signature=8c1460dc56ef81f67b75585f1b9a8d588fd1d99666269ae0974ad5d6013b4dc5
      Content-Length:
      - '8'
      Accept:
      - "*/*"
  response:
    status:
      code: 200
      message: OK
    headers:
      X-Amz-Id-2:
      - 0SyaJ0yQAb139N0wpbHZg9Ex3FmWk/ogJLG4g1Z+YDR1oE5TpQZ18653EuETJaNO1X1loa79OQ8=
      X-Amz-Request-Id:
      - FBE106B51BD2ECC9
      Date:
      - Thu, 13 Aug 2020 13:52:22 GMT
      Etag:
      - '"861fe1f3f4d61db77ed3db17ff375c6e"'
      Content-Length:
      - '0'
      Server:
      - AmazonS3
    body:
      encoding: UTF-8
      string: ''
  recorded_at: Thu, 13 Aug 2020 13:52:21 GMT
- request:
    method: head
    uri: https://<REDACTED_BUCKET_NAME>.s3.<REDACTED_REGION_NAME>.amazonaws.com/gemstash/s3_storage/TEST_S3_SPEC_FOLDER/private/gems/50-c0c7c76d30bd3dcaefc96f40275bdc0a/properties.yaml
    body:
      encoding: UTF-8
      string: ''
    headers:
      Content-Type:
      - ''
      Accept-Encoding:
      - ''
      User-Agent:
      - aws-sdk-ruby3/3.104.3 ruby/2.6.3 x86_64-darwin19 aws-sdk-s3/1.75.0
      Host:
      - "<REDACTED_BUCKET_NAME>.s3.<REDACTED_REGION_NAME>.amazonaws.com"
      X-Amz-Date:
      - 20200813T135221Z
      X-Amz-Content-Sha256:
      - e3b0c44298fc1c149afbf4c8996fb92427ae41e4649b934ca495991b7852b855
      Authorization:
      - AWS4-HMAC-SHA256 Credential=<REDACTED_ACCESS_KEY>/20200813/<REDACTED_REGION_NAME>/s3/aws4_request,
        SignedHeaders=host;user-agent;x-amz-content-sha256;x-amz-date, Signature=44f9c172c468870429b1d58ef7b80a2322786ac54ac2495a337431236df2fb74
      Content-Length:
      - '0'
      Accept:
      - "*/*"
  response:
    status:
      code: 404
      message: Not Found
    headers:
      X-Amz-Request-Id:
      - 61B31A04B48B6F75
      X-Amz-Id-2:
      - 5OeMQRPcwU0HdJT5Ak0bjTmYwnGzTATHGRoxngGYRXyPBw7gQSU5hPcmjg/Upk3pZlVKFpg90S8=
      Content-Type:
      - application/xml
      Transfer-Encoding:
      - chunked
      Date:
      - Thu, 13 Aug 2020 13:52:21 GMT
      Server:
      - AmazonS3
    body:
      encoding: UTF-8
      string: ''
  recorded_at: Thu, 13 Aug 2020 13:52:22 GMT
- request:
    method: head
    uri: https://<REDACTED_BUCKET_NAME>.s3.<REDACTED_REGION_NAME>.amazonaws.com/gemstash/s3_storage/TEST_S3_SPEC_FOLDER/private/gems/50-c0c7c76d30bd3dcaefc96f40275bdc0a/properties.yaml
    body:
      encoding: UTF-8
      string: ''
    headers:
      Content-Type:
      - ''
      Accept-Encoding:
      - ''
      User-Agent:
      - aws-sdk-ruby3/3.104.3 ruby/2.6.3 x86_64-darwin19 aws-sdk-s3/1.75.0
      Host:
      - "<REDACTED_BUCKET_NAME>.s3.<REDACTED_REGION_NAME>.amazonaws.com"
      X-Amz-Date:
      - 20200813T135222Z
      X-Amz-Content-Sha256:
      - e3b0c44298fc1c149afbf4c8996fb92427ae41e4649b934ca495991b7852b855
      Authorization:
      - AWS4-HMAC-SHA256 Credential=<REDACTED_ACCESS_KEY>/20200813/<REDACTED_REGION_NAME>/s3/aws4_request,
        SignedHeaders=host;user-agent;x-amz-content-sha256;x-amz-date, Signature=06bfee30dbcfe9c7bbb5b8a601f93e42482fbfe0f05e17cf7547a929545de309
      Content-Length:
      - '0'
      Accept:
      - "*/*"
  response:
    status:
      code: 404
      message: Not Found
    headers:
      X-Amz-Request-Id:
      - E6C379A1D12F4858
      X-Amz-Id-2:
      - Rzju1eNuZkwx2Ifa3uJa3DeESBwCt3ihkze2Klfe5TpKEo2JYkg3qEkm4tqNtwtu0HE3UNgenb8=
      Content-Type:
      - application/xml
      Transfer-Encoding:
      - chunked
      Date:
      - Thu, 13 Aug 2020 13:52:22 GMT
      Server:
      - AmazonS3
    body:
      encoding: UTF-8
      string: ''
  recorded_at: Thu, 13 Aug 2020 13:52:23 GMT
- request:
    method: head
    uri: https://<REDACTED_BUCKET_NAME>.s3.<REDACTED_REGION_NAME>.amazonaws.com/gemstash/s3_storage/TEST_S3_SPEC_FOLDER/private/gems/50-c0c7c76d30bd3dcaefc96f40275bdc0a/properties.yaml
    body:
      encoding: UTF-8
      string: ''
    headers:
      Content-Type:
      - ''
      Accept-Encoding:
      - ''
      User-Agent:
      - aws-sdk-ruby3/3.104.3 ruby/2.6.3 x86_64-darwin19 aws-sdk-s3/1.75.0
      Host:
      - "<REDACTED_BUCKET_NAME>.s3.<REDACTED_REGION_NAME>.amazonaws.com"
      X-Amz-Date:
      - 20200813T135223Z
      X-Amz-Content-Sha256:
      - e3b0c44298fc1c149afbf4c8996fb92427ae41e4649b934ca495991b7852b855
      Authorization:
      - AWS4-HMAC-SHA256 Credential=<REDACTED_ACCESS_KEY>/20200813/<REDACTED_REGION_NAME>/s3/aws4_request,
        SignedHeaders=host;user-agent;x-amz-content-sha256;x-amz-date, Signature=08de3ffc31723fd9b94fdeb9d559b8318bfa1ede633ae8c53997534cf53e6075
      Content-Length:
      - '0'
      Accept:
      - "*/*"
  response:
    status:
      code: 404
      message: Not Found
    headers:
      X-Amz-Request-Id:
      - 14098C8CDC33B73C
      X-Amz-Id-2:
      - oTa6RMVQ1yXGT7Agphl5+zVyRPZVGaHmELsfULZFtnLsveYVu4yWu3+TFCQ2ZwYK4SscMDhmQJc=
      Content-Type:
      - application/xml
      Transfer-Encoding:
      - chunked
      Date:
      - Thu, 13 Aug 2020 13:52:23 GMT
      Server:
      - AmazonS3
    body:
      encoding: UTF-8
      string: ''
  recorded_at: Thu, 13 Aug 2020 13:52:24 GMT
- request:
    method: put
    uri: https://<REDACTED_BUCKET_NAME>.s3.<REDACTED_REGION_NAME>.amazonaws.com/gemstash/s3_storage/TEST_S3_SPEC_FOLDER/private/gems/50-c0c7c76d30bd3dcaefc96f40275bdc0a/properties.yaml
    body:
      encoding: UTF-8
      string: |
        ---
        :gemstash_resource_version: 1
        :foo: bar
    headers:
      Content-Type:
      - ''
      Accept-Encoding:
      - ''
      User-Agent:
      - aws-sdk-ruby3/3.104.3 ruby/2.6.3 x86_64-darwin19 aws-sdk-s3/1.75.0
      Content-Encoding:
      - ASCII
      Expect:
      - 100-continue
      Content-Md5:
      - FjJ9FiGMbyvwwWqipQZxEg==
      Host:
      - "<REDACTED_BUCKET_NAME>.s3.<REDACTED_REGION_NAME>.amazonaws.com"
      X-Amz-Date:
      - 20200813T135224Z
      X-Amz-Content-Sha256:
      - 8ebdf8cfdcd69134ba52b630714e0d08516b96267eb9bc0127d156566d6f639d
      Authorization:
      - AWS4-HMAC-SHA256 Credential=<REDACTED_ACCESS_KEY>/20200813/<REDACTED_REGION_NAME>/s3/aws4_request,
        SignedHeaders=content-encoding;content-md5;host;user-agent;x-amz-content-sha256;x-amz-date,
        Signature=97d7d242f69cbefdbeae54a6e37de928dad05fc2b4443c358387f0ce3de0117f
      Content-Length:
      - '44'
      Accept:
      - "*/*"
  response:
    status:
      code: 200
      message: OK
    headers:
      X-Amz-Id-2:
      - yTUjOqZUhvLntpzvoFySyOTUc+1hiZT1WJbXSIaeIVUmW7LRouwQVSunCrmD0whSe3w0LmCgzvI=
      X-Amz-Request-Id:
      - F213CA3982D57EB2
      Date:
      - Thu, 13 Aug 2020 13:52:25 GMT
      Etag:
      - '"16327d16218c6f2bf0c16aa2a5067112"'
      Content-Length:
      - '0'
      Server:
      - AmazonS3
    body:
      encoding: UTF-8
      string: ''
  recorded_at: Thu, 13 Aug 2020 13:52:24 GMT
- request:
    method: put
    uri: https://<REDACTED_BUCKET_NAME>.s3.<REDACTED_REGION_NAME>.amazonaws.com/gemstash/s3_storage/TEST_S3_SPEC_FOLDER/private/gems/50-c0c7c76d30bd3dcaefc96f40275bdc0a/other_content
    body:
      encoding: UTF-8
      string: foobar
    headers:
      Content-Type:
      - ''
      Accept-Encoding:
      - ''
      User-Agent:
      - aws-sdk-ruby3/3.104.3 ruby/2.6.3 x86_64-darwin19 aws-sdk-s3/1.75.0
      Content-Encoding:
      - ASCII
      Expect:
      - 100-continue
      Content-Md5:
      - OFj2IjCsPJFfMAxmQxLGPw==
      Host:
      - "<REDACTED_BUCKET_NAME>.s3.<REDACTED_REGION_NAME>.amazonaws.com"
      X-Amz-Date:
      - 20200813T135224Z
      X-Amz-Content-Sha256:
      - c3ab8ff13720e8ad9047dd39466b3c8974e592c2fa383d4a3960714caef0c4f2
      Authorization:
      - AWS4-HMAC-SHA256 Credential=<REDACTED_ACCESS_KEY>/20200813/<REDACTED_REGION_NAME>/s3/aws4_request,
        SignedHeaders=content-encoding;content-md5;host;user-agent;x-amz-content-sha256;x-amz-date,
        Signature=a58d95427d0d051ad853b48cb42bef1fdf3d450b2e5092e85f90e878c53be8b5
      Content-Length:
      - '6'
      Accept:
      - "*/*"
  response:
    status:
      code: 200
      message: OK
    headers:
      X-Amz-Id-2:
      - lM+KcAk3l/fx7vfncRPN4TYR71gisTgJhfr/aQOd0EGr7s3BifDQSBjQIaX4bWtSL/BGS2zZRUo=
      X-Amz-Request-Id:
      - C42C5258A46D07B5
      Date:
      - Thu, 13 Aug 2020 13:52:26 GMT
      Etag:
      - '"3858f62230ac3c915f300c664312c63f"'
      Content-Length:
      - '0'
      Server:
      - AmazonS3
    body:
      encoding: UTF-8
      string: ''
  recorded_at: Thu, 13 Aug 2020 13:52:26 GMT
- request:
    method: head
    uri: https://<REDACTED_BUCKET_NAME>.s3.<REDACTED_REGION_NAME>.amazonaws.com/gemstash/s3_storage/TEST_S3_SPEC_FOLDER/private/gems/50-c0c7c76d30bd3dcaefc96f40275bdc0a/properties.yaml
    body:
      encoding: UTF-8
      string: ''
    headers:
      Content-Type:
      - ''
      Accept-Encoding:
      - ''
      User-Agent:
      - aws-sdk-ruby3/3.104.3 ruby/2.6.3 x86_64-darwin19 aws-sdk-s3/1.75.0
      Host:
      - "<REDACTED_BUCKET_NAME>.s3.<REDACTED_REGION_NAME>.amazonaws.com"
      X-Amz-Date:
      - 20200813T135226Z
      X-Amz-Content-Sha256:
      - e3b0c44298fc1c149afbf4c8996fb92427ae41e4649b934ca495991b7852b855
      Authorization:
      - AWS4-HMAC-SHA256 Credential=<REDACTED_ACCESS_KEY>/20200813/<REDACTED_REGION_NAME>/s3/aws4_request,
        SignedHeaders=host;user-agent;x-amz-content-sha256;x-amz-date, Signature=4aed60ade644c9db2e9c8b10832a0609903f7866657e331894fbb0c6f9e188b8
      Content-Length:
      - '0'
      Accept:
      - "*/*"
  response:
    status:
      code: 200
      message: OK
    headers:
      X-Amz-Id-2:
      - Z+kaHn4BO3RGW+WW1ympDdKC5tXWpKHseM8InwgvMB0T0E73S6EkeatKek9FvM8D77TnqgFn3zY=
      X-Amz-Request-Id:
      - B2E90FB61DB7C29F
      Date:
      - Thu, 13 Aug 2020 13:52:28 GMT
      Last-Modified:
      - Thu, 13 Aug 2020 13:52:25 GMT
      Etag:
      - '"16327d16218c6f2bf0c16aa2a5067112"'
      Content-Encoding:
      - ASCII
      Accept-Ranges:
      - bytes
      Content-Type:
      - ''
      Content-Length:
      - '44'
      Server:
      - AmazonS3
    body:
      encoding: UTF-8
      string: ''
  recorded_at: Thu, 13 Aug 2020 13:52:27 GMT
- request:
    method: get
    uri: https://<REDACTED_BUCKET_NAME>.s3.<REDACTED_REGION_NAME>.amazonaws.com/gemstash/s3_storage/TEST_S3_SPEC_FOLDER/private/gems/50-c0c7c76d30bd3dcaefc96f40275bdc0a/properties.yaml
    body:
      encoding: UTF-8
      string: ''
    headers:
      Content-Type:
      - ''
      Accept-Encoding:
      - ''
      User-Agent:
      - aws-sdk-ruby3/3.104.3 ruby/2.6.3 x86_64-darwin19 aws-sdk-s3/1.75.0
      Host:
      - "<REDACTED_BUCKET_NAME>.s3.<REDACTED_REGION_NAME>.amazonaws.com"
      X-Amz-Date:
      - 20200813T135227Z
      X-Amz-Content-Sha256:
      - e3b0c44298fc1c149afbf4c8996fb92427ae41e4649b934ca495991b7852b855
      Authorization:
      - AWS4-HMAC-SHA256 Credential=<REDACTED_ACCESS_KEY>/20200813/<REDACTED_REGION_NAME>/s3/aws4_request,
        SignedHeaders=host;user-agent;x-amz-content-sha256;x-amz-date, Signature=72810f0fabc22c8e50215fe8bd5d9ab03e12761012f5aff512ecf6ffee9f0a56
      Content-Length:
      - '0'
      Accept:
      - "*/*"
  response:
    status:
      code: 200
      message: OK
    headers:
      X-Amz-Id-2:
      - yua1QJ1UKWKVf3x2ie7dYvhSq8P05Ib7u08p6ps9QKwfvLSuzqUsm+bN4RPxDXqqAK8yz0NNdZk=
      X-Amz-Request-Id:
      - 14C82E5184244F3F
      Date:
      - Thu, 13 Aug 2020 13:52:29 GMT
      Last-Modified:
      - Thu, 13 Aug 2020 13:52:25 GMT
      Etag:
      - '"16327d16218c6f2bf0c16aa2a5067112"'
      Content-Encoding:
      - ASCII
      Accept-Ranges:
      - bytes
      Content-Type:
      - ''
      Content-Length:
      - '44'
      Server:
      - AmazonS3
    body:
      encoding: UTF-8
      string: |
        ---
        :gemstash_resource_version: 1
        :foo: bar
  recorded_at: Thu, 13 Aug 2020 13:52:28 GMT
- request:
    method: put
    uri: https://<REDACTED_BUCKET_NAME>.s3.<REDACTED_REGION_NAME>.amazonaws.com/gemstash/s3_storage/TEST_S3_SPEC_FOLDER/private/gems/50-c0c7c76d30bd3dcaefc96f40275bdc0a/properties.yaml
    body:
      encoding: UTF-8
      string: |
        ---
        :gemstash_resource_version: 1
        :foo: bar
        :bar: baz
    headers:
      Content-Type:
      - ''
      Accept-Encoding:
      - ''
      User-Agent:
      - aws-sdk-ruby3/3.104.3 ruby/2.6.3 x86_64-darwin19 aws-sdk-s3/1.75.0
      Content-Encoding:
      - ASCII
      Expect:
      - 100-continue
      Content-Md5:
      - N9MsHHh1vXPLNL2sDuK3hA==
      Host:
      - "<REDACTED_BUCKET_NAME>.s3.<REDACTED_REGION_NAME>.amazonaws.com"
      X-Amz-Date:
      - 20200813T135228Z
      X-Amz-Content-Sha256:
      - ccd7386cfbdef55fb8992b131aa9c06e4062a5df03bd8c866a70e382931ed8db
      Authorization:
      - AWS4-HMAC-SHA256 Credential=<REDACTED_ACCESS_KEY>/20200813/<REDACTED_REGION_NAME>/s3/aws4_request,
        SignedHeaders=content-encoding;content-md5;host;user-agent;x-amz-content-sha256;x-amz-date,
        Signature=7eaefd0a63644f0c99581751cecb0555863251ca98afba3e986671e8bc7ba270
      Content-Length:
      - '54'
      Accept:
      - "*/*"
  response:
    status:
      code: 200
      message: OK
    headers:
      X-Amz-Id-2:
      - V8Bvdg+NSa0oT9rZB37DCKlIcY+5hn+y11C2kMy+UQy8DF5/ySts2i4TParhR5t4V93TMDke7vA=
      X-Amz-Request-Id:
      - CY0H4V7ZBT8Y8Q0M
      Date:
      - Thu, 13 Aug 2020 13:52:30 GMT
      Etag:
      - '"37d32c1c7875bd73cb34bdac0ee2b784"'
      Content-Length:
      - '0'
      Server:
      - AmazonS3
    body:
      encoding: UTF-8
      string: ''
  recorded_at: Thu, 13 Aug 2020 13:52:29 GMT
- request:
    method: head
    uri: https://<REDACTED_BUCKET_NAME>.s3.<REDACTED_REGION_NAME>.amazonaws.com/gemstash/s3_storage/TEST_S3_SPEC_FOLDER/private/gems/50-c0c7c76d30bd3dcaefc96f40275bdc0a/properties.yaml
    body:
      encoding: UTF-8
      string: ''
    headers:
      Content-Type:
      - ''
      Accept-Encoding:
      - ''
      User-Agent:
      - aws-sdk-ruby3/3.104.3 ruby/2.6.3 x86_64-darwin19 aws-sdk-s3/1.75.0
      Host:
      - "<REDACTED_BUCKET_NAME>.s3.<REDACTED_REGION_NAME>.amazonaws.com"
      X-Amz-Date:
      - 20200813T135229Z
      X-Amz-Content-Sha256:
      - e3b0c44298fc1c149afbf4c8996fb92427ae41e4649b934ca495991b7852b855
      Authorization:
      - AWS4-HMAC-SHA256 Credential=<REDACTED_ACCESS_KEY>/20200813/<REDACTED_REGION_NAME>/s3/aws4_request,
        SignedHeaders=host;user-agent;x-amz-content-sha256;x-amz-date, Signature=72e3a6b1dd04685735826d0aa1dcef6737bcc165cb8eb58b7bb6c04578d102df
      Content-Length:
      - '0'
      Accept:
      - "*/*"
  response:
    status:
      code: 200
      message: OK
    headers:
      X-Amz-Id-2:
      - JiT5MK90aP6+SDn3siVCEOZzJaF6r3X2poD+Xy6Jmi2v4o44Yh3DITkE8beVUyEN3h5BlCg/6Aw=
      X-Amz-Request-Id:
      - 5DA7FA42410C4B19
      Date:
      - Thu, 13 Aug 2020 13:52:32 GMT
      Last-Modified:
      - Thu, 13 Aug 2020 13:52:30 GMT
      Etag:
      - '"37d32c1c7875bd73cb34bdac0ee2b784"'
      Content-Encoding:
      - ASCII
      Accept-Ranges:
      - bytes
      Content-Type:
      - ''
      Content-Length:
      - '54'
      Server:
      - AmazonS3
    body:
      encoding: UTF-8
      string: ''
  recorded_at: Thu, 13 Aug 2020 13:52:31 GMT
- request:
    method: get
    uri: https://<REDACTED_BUCKET_NAME>.s3.<REDACTED_REGION_NAME>.amazonaws.com/gemstash/s3_storage/TEST_S3_SPEC_FOLDER/private/gems/50-c0c7c76d30bd3dcaefc96f40275bdc0a/properties.yaml
    body:
      encoding: UTF-8
      string: ''
    headers:
      Content-Type:
      - ''
      Accept-Encoding:
      - ''
      User-Agent:
      - aws-sdk-ruby3/3.104.3 ruby/2.6.3 x86_64-darwin19 aws-sdk-s3/1.75.0
      Host:
      - "<REDACTED_BUCKET_NAME>.s3.<REDACTED_REGION_NAME>.amazonaws.com"
      X-Amz-Date:
      - 20200813T135231Z
      X-Amz-Content-Sha256:
      - e3b0c44298fc1c149afbf4c8996fb92427ae41e4649b934ca495991b7852b855
      Authorization:
      - AWS4-HMAC-SHA256 Credential=<REDACTED_ACCESS_KEY>/20200813/<REDACTED_REGION_NAME>/s3/aws4_request,
        SignedHeaders=host;user-agent;x-amz-content-sha256;x-amz-date, Signature=311f320e1ecccfd8f05469595a374a73e0e728ad8c893624eeb2a069c2f1c1d7
      Content-Length:
      - '0'
      Accept:
      - "*/*"
  response:
    status:
      code: 200
      message: OK
    headers:
      X-Amz-Id-2:
      - 4qvCUyzcRPn3uK9nZ3lvut8JkGgd13AVYNSrtEQV2NINreaqzaiFshiHFzt9O9R31/p3mvgFDoU=
      X-Amz-Request-Id:
      - 5F7B77E24CF0F9BC
      Date:
      - Thu, 13 Aug 2020 13:52:33 GMT
      Last-Modified:
      - Thu, 13 Aug 2020 13:52:30 GMT
      Etag:
      - '"37d32c1c7875bd73cb34bdac0ee2b784"'
      Content-Encoding:
      - ASCII
      Accept-Ranges:
      - bytes
      Content-Type:
      - ''
      Content-Length:
      - '54'
      Server:
      - AmazonS3
    body:
      encoding: UTF-8
      string: |
        ---
        :gemstash_resource_version: 1
        :foo: bar
        :bar: baz
  recorded_at: Thu, 13 Aug 2020 13:52:32 GMT
recorded_with: VCR 6.0.0
