---
http_interactions:
- request:
    method: put
    uri: https://<REDACTED_BUCKET_NAME>.s3.<REDACTED_REGION_NAME>.amazonaws.com/gemstash/s3_storage/TEST_S3_SPEC_FOLDER/private/gems/47-67c6a1e7ce56d3d6fa748ab6d9af3fd7/content
    body:
      encoding: UTF-8
      string: zapatito
    headers:
      Content-Type:
      - ''
      Accept-Encoding:
      - ''
      User-Agent:
      - aws-sdk-ruby3/3.104.3 ruby/2.6.3 x86_64-darwin19 aws-sdk-s3/1.75.0
      Content-Encoding:
      - ASCII
      Expect:
      - 100-continue
      Content-Md5:
      - hh/h8/TWHbd+09sX/zdcbg==
      Host:
      - "<REDACTED_BUCKET_NAME>.s3.<REDACTED_REGION_NAME>.amazonaws.com"
      X-Amz-Date:
      - 20200813T135151Z
      X-Amz-Content-Sha256:
      - f14497d773bff71d485b9f96b7ce9c8a94cb35ed96e37908b75ac4824bef1c11
      Authorization:
      - AWS4-HMAC-SHA256 Credential=<REDACTED_ACCESS_KEY>/20200813/<REDACTED_REGION_NAME>/s3/aws4_request,
        SignedHeaders=content-encoding;content-md5;host;user-agent;x-amz-content-sha256;x-amz-date,
        Signature=de84da3d48c990bc9d7c11b6f1daf8639c3959ca35ede67e4b02830aa3bac190
      Content-Length:
      - '8'
      Accept:
      - "*/*"
  response:
    status:
      code: 200
      message: OK
    headers:
      X-Amz-Id-2:
      - ejleAfA5T9G6w8lXgDST9Sf2e2qSWbQUpzMghsrcgQ93tQNhipjR942ikxlZLcgbA2tndHIyPjM=
      X-Amz-Request-Id:
      - 0F83DDF0638A00C5
      Date:
      - Thu, 13 Aug 2020 13:51:53 GMT
      Etag:
      - '"861fe1f3f4d61db77ed3db17ff375c6e"'
      Content-Length:
      - '0'
      Server:
      - AmazonS3
    body:
      encoding: UTF-8
      string: ''
  recorded_at: Thu, 13 Aug 2020 13:51:52 GMT
- request:
    method: put
    uri: https://<REDACTED_BUCKET_NAME>.s3.<REDACTED_REGION_NAME>.amazonaws.com/gemstash/s3_storage/TEST_S3_SPEC_FOLDER/private/gems/47-67c6a1e7ce56d3d6fa748ab6d9af3fd7/other_content
    body:
      encoding: UTF-8
      string: foobar
    headers:
      Content-Type:
      - ''
      Accept-Encoding:
      - ''
      User-Agent:
      - aws-sdk-ruby3/3.104.3 ruby/2.6.3 x86_64-darwin19 aws-sdk-s3/1.75.0
      Content-Encoding:
      - ASCII
      Expect:
      - 100-continue
      Content-Md5:
      - OFj2IjCsPJFfMAxmQxLGPw==
      Host:
      - "<REDACTED_BUCKET_NAME>.s3.<REDACTED_REGION_NAME>.amazonaws.com"
      X-Amz-Date:
      - 20200813T135152Z
      X-Amz-Content-Sha256:
      - c3ab8ff13720e8ad9047dd39466b3c8974e592c2fa383d4a3960714caef0c4f2
      Authorization:
      - AWS4-HMAC-SHA256 Credential=<REDACTED_ACCESS_KEY>/20200813/<REDACTED_REGION_NAME>/s3/aws4_request,
        SignedHeaders=content-encoding;content-md5;host;user-agent;x-amz-content-sha256;x-amz-date,
        Signature=6c02679fba0c1929092cf92403a2a9c48bd243f107586c20a6a24c977b32758c
      Content-Length:
      - '6'
      Accept:
      - "*/*"
  response:
    status:
      code: 200
      message: OK
    headers:
      X-Amz-Id-2:
      - cabJe1+BkK7mZFzKF285WY92xJN8xGCLt6sZjSFobgprnTDnS692iCM1xpitVd1kvuVRKt03Lfc=
      X-Amz-Request-Id:
      - 076DF47B6FC3806E
      Date:
      - Thu, 13 Aug 2020 13:51:54 GMT
      Etag:
      - '"3858f62230ac3c915f300c664312c63f"'
      Content-Length:
      - '0'
      Server:
      - AmazonS3
    body:
      encoding: UTF-8
      string: ''
  recorded_at: Thu, 13 Aug 2020 13:51:53 GMT
- request:
    method: head
    uri: https://<REDACTED_BUCKET_NAME>.s3.<REDACTED_REGION_NAME>.amazonaws.com/gemstash/s3_storage/TEST_S3_SPEC_FOLDER/private/gems/47-67c6a1e7ce56d3d6fa748ab6d9af3fd7/properties.yaml
    body:
      encoding: UTF-8
      string: ''
    headers:
      Content-Type:
      - ''
      Accept-Encoding:
      - ''
      User-Agent:
      - aws-sdk-ruby3/3.104.3 ruby/2.6.3 x86_64-darwin19 aws-sdk-s3/1.75.0
      Host:
      - "<REDACTED_BUCKET_NAME>.s3.<REDACTED_REGION_NAME>.amazonaws.com"
      X-Amz-Date:
      - 20200813T135153Z
      X-Amz-Content-Sha256:
      - e3b0c44298fc1c149afbf4c8996fb92427ae41e4649b934ca495991b7852b855
      Authorization:
      - AWS4-HMAC-SHA256 Credential=<REDACTED_ACCESS_KEY>/20200813/<REDACTED_REGION_NAME>/s3/aws4_request,
        SignedHeaders=host;user-agent;x-amz-content-sha256;x-amz-date, Signature=10feb49e30f923f0bff71283842a2e5973a05d6ba5f2eb0f069ad840c025ef2a
      Content-Length:
      - '0'
      Accept:
      - "*/*"
  response:
    status:
      code: 404
      message: Not Found
    headers:
      X-Amz-Request-Id:
      - 56D6130B3514D747
      X-Amz-Id-2:
      - V0JLSdWqXkBwQgUjJfu7EafdmF+lkbPLvFeMhvpM55twm8TW404WOUZS5fTuTCside8syMJiITQ=
      Content-Type:
      - application/xml
      Transfer-Encoding:
      - chunked
      Date:
      - Thu, 13 Aug 2020 13:51:54 GMT
      Server:
      - AmazonS3
    body:
      encoding: UTF-8
      string: ''
  recorded_at: Thu, 13 Aug 2020 13:51:54 GMT
- request:
    method: head
    uri: https://<REDACTED_BUCKET_NAME>.s3.<REDACTED_REGION_NAME>.amazonaws.com/gemstash/s3_storage/TEST_S3_SPEC_FOLDER/private/gems/47-67c6a1e7ce56d3d6fa748ab6d9af3fd7/properties.yaml
    body:
      encoding: UTF-8
      string: ''
    headers:
      Content-Type:
      - ''
      Accept-Encoding:
      - ''
      User-Agent:
      - aws-sdk-ruby3/3.104.3 ruby/2.6.3 x86_64-darwin19 aws-sdk-s3/1.75.0
      Host:
      - "<REDACTED_BUCKET_NAME>.s3.<REDACTED_REGION_NAME>.amazonaws.com"
      X-Amz-Date:
      - 20200813T135154Z
      X-Amz-Content-Sha256:
      - e3b0c44298fc1c149afbf4c8996fb92427ae41e4649b934ca495991b7852b855
      Authorization:
      - AWS4-HMAC-SHA256 Credential=<REDACTED_ACCESS_KEY>/20200813/<REDACTED_REGION_NAME>/s3/aws4_request,
        SignedHeaders=host;user-agent;x-amz-content-sha256;x-amz-date, Signature=8e6bdd18099be537ebf813573786f3f0661b2ab36fdcae0959e5c55eaaf9ee06
      Content-Length:
      - '0'
      Accept:
      - "*/*"
  response:
    status:
      code: 404
      message: Not Found
    headers:
      X-Amz-Request-Id:
      - 12A7256EEFEE2DE5
      X-Amz-Id-2:
      - NDxPWYfxPGzWNez8YZ2VRs6n6YphFUyiLtV4T8nasxMm31A1quyeIFg3eLLHZ1yG9jDW38YicEg=
      Content-Type:
      - application/xml
      Transfer-Encoding:
      - chunked
      Date:
      - Thu, 13 Aug 2020 13:51:54 GMT
      Server:
      - AmazonS3
    body:
      encoding: UTF-8
      string: ''
  recorded_at: Thu, 13 Aug 2020 13:51:55 GMT
- request:
    method: head
    uri: https://<REDACTED_BUCKET_NAME>.s3.<REDACTED_REGION_NAME>.amazonaws.com/gemstash/s3_storage/TEST_S3_SPEC_FOLDER/private/gems/47-67c6a1e7ce56d3d6fa748ab6d9af3fd7/properties.yaml
    body:
      encoding: UTF-8
      string: ''
    headers:
      Content-Type:
      - ''
      Accept-Encoding:
      - ''
      User-Agent:
      - aws-sdk-ruby3/3.104.3 ruby/2.6.3 x86_64-darwin19 aws-sdk-s3/1.75.0
      Host:
      - "<REDACTED_BUCKET_NAME>.s3.<REDACTED_REGION_NAME>.amazonaws.com"
      X-Amz-Date:
      - 20200813T135155Z
      X-Amz-Content-Sha256:
      - e3b0c44298fc1c149afbf4c8996fb92427ae41e4649b934ca495991b7852b855
      Authorization:
      - AWS4-HMAC-SHA256 Credential=<REDACTED_ACCESS_KEY>/20200813/<REDACTED_REGION_NAME>/s3/aws4_request,
        SignedHeaders=host;user-agent;x-amz-content-sha256;x-amz-date, Signature=3cd788a009ca0200444489508cff1c6dcc05741b2b611191e4904fa434458e17
      Content-Length:
      - '0'
      Accept:
      - "*/*"
  response:
    status:
      code: 404
      message: Not Found
    headers:
      X-Amz-Request-Id:
      - DX4Z3MEZDM1HCK6T
      X-Amz-Id-2:
      - TKyNYg0YypXAjcOIboRmhzsDr64CZ1DDyqJZPCVIcT17NDNjujcD68fVjPoFM2xekp1xvhQECw4=
      Content-Type:
      - application/xml
      Transfer-Encoding:
      - chunked
      Date:
      - Thu, 13 Aug 2020 13:51:55 GMT
      Server:
      - AmazonS3
    body:
      encoding: UTF-8
      string: ''
  recorded_at: Thu, 13 Aug 2020 13:51:56 GMT
- request:
    method: put
    uri: https://<REDACTED_BUCKET_NAME>.s3.<REDACTED_REGION_NAME>.amazonaws.com/gemstash/s3_storage/TEST_S3_SPEC_FOLDER/private/gems/47-67c6a1e7ce56d3d6fa748ab6d9af3fd7/properties.yaml
    body:
      encoding: UTF-8
      string: |
        ---
        :gemstash_resource_version: 1
    headers:
      Content-Type:
      - ''
      Accept-Encoding:
      - ''
      User-Agent:
      - aws-sdk-ruby3/3.104.3 ruby/2.6.3 x86_64-darwin19 aws-sdk-s3/1.75.0
      Content-Encoding:
      - ASCII
      Expect:
      - 100-continue
      Content-Md5:
      - gte2wcli63wnyAAgnJ3Hwg==
      Host:
      - "<REDACTED_BUCKET_NAME>.s3.<REDACTED_REGION_NAME>.amazonaws.com"
      X-Amz-Date:
      - 20200813T135156Z
      X-Amz-Content-Sha256:
      - 69906dd877a48cc42f0ad73e6f1e2c752836aec822971283c5488c53989db872
      Authorization:
      - AWS4-HMAC-SHA256 Credential=<REDACTED_ACCESS_KEY>/20200813/<REDACTED_REGION_NAME>/s3/aws4_request,
        SignedHeaders=content-encoding;content-md5;host;user-agent;x-amz-content-sha256;x-amz-date,
        Signature=c58eedfc90b01904ba592ec48ae417e08ca6c035ac034d354008f0ab16806ad2
      Content-Length:
      - '34'
      Accept:
      - "*/*"
  response:
    status:
      code: 200
      message: OK
    headers:
      X-Amz-Id-2:
      - SQNBMIptwmC2L/S7lKGO9Zsy7tum/wPABXh80uk0DtSu0GzIeJ232oCxKAsGwEHpUOp6Zx/49aw=
      X-Amz-Request-Id:
      - E28C106010020F6C
      Date:
      - Thu, 13 Aug 2020 13:51:57 GMT
      Etag:
      - '"82d7b6c1c962eb7c27c800209c9dc7c2"'
      Content-Length:
      - '0'
      Server:
      - AmazonS3
    body:
      encoding: UTF-8
      string: ''
  recorded_at: Thu, 13 Aug 2020 13:51:57 GMT
- request:
    method: head
    uri: https://<REDACTED_BUCKET_NAME>.s3.<REDACTED_REGION_NAME>.amazonaws.com/gemstash/s3_storage/TEST_S3_SPEC_FOLDER/private/gems/47-67c6a1e7ce56d3d6fa748ab6d9af3fd7/properties.yaml
    body:
      encoding: UTF-8
      string: ''
    headers:
      Content-Type:
      - ''
      Accept-Encoding:
      - ''
      User-Agent:
      - aws-sdk-ruby3/3.104.3 ruby/2.6.3 x86_64-darwin19 aws-sdk-s3/1.75.0
      Host:
      - "<REDACTED_BUCKET_NAME>.s3.<REDACTED_REGION_NAME>.amazonaws.com"
      X-Amz-Date:
      - 20200813T135157Z
      X-Amz-Content-Sha256:
      - e3b0c44298fc1c149afbf4c8996fb92427ae41e4649b934ca495991b7852b855
      Authorization:
      - AWS4-HMAC-SHA256 Credential=<REDACTED_ACCESS_KEY>/20200813/<REDACTED_REGION_NAME>/s3/aws4_request,
        SignedHeaders=host;user-agent;x-amz-content-sha256;x-amz-date, Signature=ef23752a2df39979b10af376a243d762bc1188ebc27a0646906c169728f1663f
      Content-Length:
      - '0'
      Accept:
      - "*/*"
  response:
    status:
      code: 200
      message: OK
    headers:
      X-Amz-Id-2:
      - VJKNqR8icXNmLuAO41XnJtvwhIchhGIJMiA5VOJ5nVmUSDCfvFaJpZF0fx4Mvst6EmtDtTc79dA=
      X-Amz-Request-Id:
      - 1J2QBTAM1X8Y8Q0J
      Date:
      - Thu, 13 Aug 2020 13:51:58 GMT
      Last-Modified:
      - Thu, 13 Aug 2020 13:51:57 GMT
      Etag:
      - '"82d7b6c1c962eb7c27c800209c9dc7c2"'
      Content-Encoding:
      - ASCII
      Accept-Ranges:
      - bytes
      Content-Type:
      - ''
      Content-Length:
      - '34'
      Server:
      - AmazonS3
    body:
      encoding: UTF-8
      string: ''
  recorded_at: Thu, 13 Aug 2020 13:51:57 GMT
- request:
    method: head
    uri: https://<REDACTED_BUCKET_NAME>.s3.<REDACTED_REGION_NAME>.amazonaws.com/gemstash/s3_storage/TEST_S3_SPEC_FOLDER/private/gems/47-67c6a1e7ce56d3d6fa748ab6d9af3fd7/content
    body:
      encoding: UTF-8
      string: ''
    headers:
      Content-Type:
      - ''
      Accept-Encoding:
      - ''
      User-Agent:
      - aws-sdk-ruby3/3.104.3 ruby/2.6.3 x86_64-darwin19 aws-sdk-s3/1.75.0
      Host:
      - "<REDACTED_BUCKET_NAME>.s3.<REDACTED_REGION_NAME>.amazonaws.com"
      X-Amz-Date:
      - 20200813T135157Z
      X-Amz-Content-Sha256:
      - e3b0c44298fc1c149afbf4c8996fb92427ae41e4649b934ca495991b7852b855
      Authorization:
      - AWS4-HMAC-SHA256 Credential=<REDACTED_ACCESS_KEY>/20200813/<REDACTED_REGION_NAME>/s3/aws4_request,
        SignedHeaders=host;user-agent;x-amz-content-sha256;x-amz-date, Signature=d7a942a2e9858a9ce72c7840df174ea22f0a90a16afa7742460967e05fdd8ee0
      Content-Length:
      - '0'
      Accept:
      - "*/*"
  response:
    status:
      code: 200
      message: OK
    headers:
      X-Amz-Id-2:
      - PIfJxQu6JFn1l4R9v81CexGSHVaEo1pdoHUIlB76SneWGtP01aWRA6jGY/oOJGSQmOX70A+OhKA=
      X-Amz-Request-Id:
      - 32AC3C8CB3B50C12
      Date:
      - Thu, 13 Aug 2020 13:51:59 GMT
      Last-Modified:
      - Thu, 13 Aug 2020 13:51:53 GMT
      Etag:
      - '"861fe1f3f4d61db77ed3db17ff375c6e"'
      Content-Encoding:
      - ASCII
      Accept-Ranges:
      - bytes
      Content-Type:
      - ''
      Content-Length:
      - '8'
      Server:
      - AmazonS3
    body:
      encoding: UTF-8
      string: ''
  recorded_at: Thu, 13 Aug 2020 13:51:58 GMT
- request:
    method: head
    uri: https://<REDACTED_BUCKET_NAME>.s3.<REDACTED_REGION_NAME>.amazonaws.com/gemstash/s3_storage/TEST_S3_SPEC_FOLDER/private/gems/47-67c6a1e7ce56d3d6fa748ab6d9af3fd7/properties.yaml
    body:
      encoding: UTF-8
      string: ''
    headers:
      Content-Type:
      - ''
      Accept-Encoding:
      - ''
      User-Agent:
      - aws-sdk-ruby3/3.104.3 ruby/2.6.3 x86_64-darwin19 aws-sdk-s3/1.75.0
      Host:
      - "<REDACTED_BUCKET_NAME>.s3.<REDACTED_REGION_NAME>.amazonaws.com"
      X-Amz-Date:
      - 20200813T135158Z
      X-Amz-Content-Sha256:
      - e3b0c44298fc1c149afbf4c8996fb92427ae41e4649b934ca495991b7852b855
      Authorization:
      - AWS4-HMAC-SHA256 Credential=<REDACTED_ACCESS_KEY>/20200813/<REDACTED_REGION_NAME>/s3/aws4_request,
        SignedHeaders=host;user-agent;x-amz-content-sha256;x-amz-date, Signature=997e70ba6c29c7335d2564c21a7ae559cebb6d034c5e6540f325baefd8b0c062
      Content-Length:
      - '0'
      Accept:
      - "*/*"
  response:
    status:
      code: 200
      message: OK
    headers:
      X-Amz-Id-2:
      - IRa1x3po0HZEbzHFtz/qVETV0IAoDmT1QILGE6XFk7J8IapHvzla6rGk2mnygK+jMEM0QZxkFwU=
      X-Amz-Request-Id:
      - C629FD05263911C6
      Date:
      - Thu, 13 Aug 2020 13:52:00 GMT
      Last-Modified:
      - Thu, 13 Aug 2020 13:51:57 GMT
      Etag:
      - '"82d7b6c1c962eb7c27c800209c9dc7c2"'
      Content-Encoding:
      - ASCII
      Accept-Ranges:
      - bytes
      Content-Type:
      - ''
      Content-Length:
      - '34'
      Server:
      - AmazonS3
    body:
      encoding: UTF-8
      string: ''
  recorded_at: Thu, 13 Aug 2020 13:51:59 GMT
- request:
    method: get
    uri: https://<REDACTED_BUCKET_NAME>.s3.<REDACTED_REGION_NAME>.amazonaws.com/gemstash/s3_storage/TEST_S3_SPEC_FOLDER/private/gems/47-67c6a1e7ce56d3d6fa748ab6d9af3fd7/properties.yaml
    body:
      encoding: UTF-8
      string: ''
    headers:
      Content-Type:
      - ''
      Accept-Encoding:
      - ''
      User-Agent:
      - aws-sdk-ruby3/3.104.3 ruby/2.6.3 x86_64-darwin19 aws-sdk-s3/1.75.0
      Host:
      - "<REDACTED_BUCKET_NAME>.s3.<REDACTED_REGION_NAME>.amazonaws.com"
      X-Amz-Date:
      - 20200813T135159Z
      X-Amz-Content-Sha256:
      - e3b0c44298fc1c149afbf4c8996fb92427ae41e4649b934ca495991b7852b855
      Authorization:
      - AWS4-HMAC-SHA256 Credential=<REDACTED_ACCESS_KEY>/20200813/<REDACTED_REGION_NAME>/s3/aws4_request,
        SignedHeaders=host;user-agent;x-amz-content-sha256;x-amz-date, Signature=58bc90048b85c846e93978b403236ec76a6685a31da93641c8c5b036212c184f
      Content-Length:
      - '0'
      Accept:
      - "*/*"
  response:
    status:
      code: 200
      message: OK
    headers:
      X-Amz-Id-2:
      - Wzgw0nRDhcJh2VkpKmJD0tJ2keLK4nGfxyn495D9Zt9tN0g0IlhyXmswPhdPJmcGg/UaRpd6xh0=
      X-Amz-Request-Id:
      - ER0V7KCT9G8V5J2Y
      Date:
      - Thu, 13 Aug 2020 13:52:01 GMT
      Last-Modified:
      - Thu, 13 Aug 2020 13:51:57 GMT
      Etag:
      - '"82d7b6c1c962eb7c27c800209c9dc7c2"'
      Content-Encoding:
      - ASCII
      Accept-Ranges:
      - bytes
      Content-Type:
      - ''
      Content-Length:
      - '34'
      Server:
      - AmazonS3
    body:
      encoding: UTF-8
      string: |
        ---
        :gemstash_resource_version: 1
  recorded_at: Thu, 13 Aug 2020 13:52:00 GMT
- request:
    method: get
    uri: https://<REDACTED_BUCKET_NAME>.s3.<REDACTED_REGION_NAME>.amazonaws.com/gemstash/s3_storage/TEST_S3_SPEC_FOLDER/private/gems/47-67c6a1e7ce56d3d6fa748ab6d9af3fd7/content
    body:
      encoding: UTF-8
      string: ''
    headers:
      Content-Type:
      - ''
      Accept-Encoding:
      - ''
      User-Agent:
      - aws-sdk-ruby3/3.104.3 ruby/2.6.3 x86_64-darwin19 aws-sdk-s3/1.75.0
      Host:
      - "<REDACTED_BUCKET_NAME>.s3.<REDACTED_REGION_NAME>.amazonaws.com"
      X-Amz-Date:
      - 20200813T135200Z
      X-Amz-Content-Sha256:
      - e3b0c44298fc1c149afbf4c8996fb92427ae41e4649b934ca495991b7852b855
      Authorization:
      - AWS4-HMAC-SHA256 Credential=<REDACTED_ACCESS_KEY>/20200813/<REDACTED_REGION_NAME>/s3/aws4_request,
        SignedHeaders=host;user-agent;x-amz-content-sha256;x-amz-date, Signature=dfd99501d0a7e1bdeae291576733ab600c974315ba93405ed5f3e7ea9791baf2
      Content-Length:
      - '0'
      Accept:
      - "*/*"
  response:
    status:
      code: 200
      message: OK
    headers:
      X-Amz-Id-2:
      - UbGb6h+IY9PtJZEJKo7Skj0cEddc9n3BPbXyMNIcnvcomQc5QX90spF6T6yxCAoztepxIFGm70M=
      X-Amz-Request-Id:
      - 68C9B932C2119340
      Date:
      - Thu, 13 Aug 2020 13:52:02 GMT
      Last-Modified:
      - Thu, 13 Aug 2020 13:51:53 GMT
      Etag:
      - '"861fe1f3f4d61db77ed3db17ff375c6e"'
      Content-Encoding:
      - ASCII
      Accept-Ranges:
      - bytes
      Content-Type:
      - ''
      Content-Length:
      - '8'
      Server:
      - AmazonS3
    body:
      encoding: UTF-8
      string: zapatito
  recorded_at: Thu, 13 Aug 2020 13:52:01 GMT
- request:
    method: head
    uri: https://<REDACTED_BUCKET_NAME>.s3.<REDACTED_REGION_NAME>.amazonaws.com/gemstash/s3_storage/TEST_S3_SPEC_FOLDER/private/gems/47-67c6a1e7ce56d3d6fa748ab6d9af3fd7/properties.yaml
    body:
      encoding: UTF-8
      string: ''
    headers:
      Content-Type:
      - ''
      Accept-Encoding:
      - ''
      User-Agent:
      - aws-sdk-ruby3/3.104.3 ruby/2.6.3 x86_64-darwin19 aws-sdk-s3/1.75.0
      Host:
      - "<REDACTED_BUCKET_NAME>.s3.<REDACTED_REGION_NAME>.amazonaws.com"
      X-Amz-Date:
      - 20200813T135201Z
      X-Amz-Content-Sha256:
      - e3b0c44298fc1c149afbf4c8996fb92427ae41e4649b934ca495991b7852b855
      Authorization:
      - AWS4-HMAC-SHA256 Credential=<REDACTED_ACCESS_KEY>/20200813/<REDACTED_REGION_NAME>/s3/aws4_request,
        SignedHeaders=host;user-agent;x-amz-content-sha256;x-amz-date, Signature=52b4c32e3b9414cccac2d60872bbfbfb990703d5beb27e09b8c8b2a641dbe022
      Content-Length:
      - '0'
      Accept:
      - "*/*"
  response:
    status:
      code: 200
      message: OK
    headers:
      X-Amz-Id-2:
      - c9BaYS80W0hLnh896/TKksNsZsDKzvP/oUmUvaozbgSyHMHmiinWIRqDTgGKkB0sLa0ehWfaZQI=
      X-Amz-Request-Id:
      - '08FC475AE295AF63'
      Date:
      - Thu, 13 Aug 2020 13:52:03 GMT
      Last-Modified:
      - Thu, 13 Aug 2020 13:51:57 GMT
      Etag:
      - '"82d7b6c1c962eb7c27c800209c9dc7c2"'
      Content-Encoding:
      - ASCII
      Accept-Ranges:
      - bytes
      Content-Type:
      - ''
      Content-Length:
      - '34'
      Server:
      - AmazonS3
    body:
      encoding: UTF-8
      string: ''
  recorded_at: Thu, 13 Aug 2020 13:52:02 GMT
- request:
    method: head
    uri: https://<REDACTED_BUCKET_NAME>.s3.<REDACTED_REGION_NAME>.amazonaws.com/gemstash/s3_storage/TEST_S3_SPEC_FOLDER/private/gems/47-67c6a1e7ce56d3d6fa748ab6d9af3fd7/other_content
    body:
      encoding: UTF-8
      string: ''
    headers:
      Content-Type:
      - ''
      Accept-Encoding:
      - ''
      User-Agent:
      - aws-sdk-ruby3/3.104.3 ruby/2.6.3 x86_64-darwin19 aws-sdk-s3/1.75.0
      Host:
      - "<REDACTED_BUCKET_NAME>.s3.<REDACTED_REGION_NAME>.amazonaws.com"
      X-Amz-Date:
      - 20200813T135202Z
      X-Amz-Content-Sha256:
      - e3b0c44298fc1c149afbf4c8996fb92427ae41e4649b934ca495991b7852b855
      Authorization:
      - AWS4-HMAC-SHA256 Credential=<REDACTED_ACCESS_KEY>/20200813/<REDACTED_REGION_NAME>/s3/aws4_request,
        SignedHeaders=host;user-agent;x-amz-content-sha256;x-amz-date, Signature=8839af310e09c7690c6dad446ea6a6cd30e4cb70ab89e235b2c2ca0bc11ad5d2
      Content-Length:
      - '0'
      Accept:
      - "*/*"
  response:
    status:
      code: 200
      message: OK
    headers:
      X-Amz-Id-2:
      - 7F54Upv6KBpaomMcChFVvoDtzqRK2wzMEtC5QooorkEC1GBJ7xu75sXijjH8lNe8JwoPb3u5iGA=
      X-Amz-Request-Id:
      - 6144C932C7BBD5BB
      Date:
      - Thu, 13 Aug 2020 13:52:03 GMT
      Last-Modified:
      - Thu, 13 Aug 2020 13:51:54 GMT
      Etag:
      - '"3858f62230ac3c915f300c664312c63f"'
      Content-Encoding:
      - ASCII
      Accept-Ranges:
      - bytes
      Content-Type:
      - ''
      Content-Length:
      - '6'
      Server:
      - AmazonS3
    body:
      encoding: UTF-8
      string: ''
  recorded_at: Thu, 13 Aug 2020 13:52:02 GMT
- request:
    method: get
    uri: https://<REDACTED_BUCKET_NAME>.s3.<REDACTED_REGION_NAME>.amazonaws.com/gemstash/s3_storage/TEST_S3_SPEC_FOLDER/private/gems/47-67c6a1e7ce56d3d6fa748ab6d9af3fd7/other_content
    body:
      encoding: UTF-8
      string: ''
    headers:
      Content-Type:
      - ''
      Accept-Encoding:
      - ''
      User-Agent:
      - aws-sdk-ruby3/3.104.3 ruby/2.6.3 x86_64-darwin19 aws-sdk-s3/1.75.0
      Host:
      - "<REDACTED_BUCKET_NAME>.s3.<REDACTED_REGION_NAME>.amazonaws.com"
      X-Amz-Date:
      - 20200813T135202Z
      X-Amz-Content-Sha256:
      - e3b0c44298fc1c149afbf4c8996fb92427ae41e4649b934ca495991b7852b855
      Authorization:
      - AWS4-HMAC-SHA256 Credential=<REDACTED_ACCESS_KEY>/20200813/<REDACTED_REGION_NAME>/s3/aws4_request,
        SignedHeaders=host;user-agent;x-amz-content-sha256;x-amz-date, Signature=29036f5c6c37c7905d4a5e54e8f8c72b9efdd5c799d995bd9f1e770c54afab8d
      Content-Length:
      - '0'
      Accept:
      - "*/*"
  response:
    status:
      code: 200
      message: OK
    headers:
      X-Amz-Id-2:
      - 9PB+P2HcI2/qjg33t+oLB1nJ6fiHN6P5xYXNyaRfBNEptTkdpcYA8dwNTX4XK4svF/nPH9F5Sc4=
      X-Amz-Request-Id:
      - 2KFS4X9HEX3ZFG9T
      Date:
      - Thu, 13 Aug 2020 13:52:04 GMT
      Last-Modified:
      - Thu, 13 Aug 2020 13:51:54 GMT
      Etag:
      - '"3858f62230ac3c915f300c664312c63f"'
      Content-Encoding:
      - ASCII
      Accept-Ranges:
      - bytes
      Content-Type:
      - ''
      Content-Length:
      - '6'
      Server:
      - AmazonS3
    body:
      encoding: UTF-8
      string: foobar
  recorded_at: Thu, 13 Aug 2020 13:52:03 GMT
recorded_with: VCR 6.0.0
